// Vitest Snapshot v1, https://vitest.dev/guide/snapshot.html

exports[`repository setup presets > snapshots parsed preset semantics instead of YAML line ordering 1`] = `
{
  "open-source": {
    "disabledRules": [],
    "enabledRules": [
      "bom.compliance",
      "bom.eol-detection",
      "bom.identity-conflicts",
      "bom.lifecycle",
      "bom.missing-mpn",
      "bom.unknown-lifecycle",
      "design.board-outline",
      "design.unique-references",
      "drc.kicad",
      "manufacturing.drill-coverage",
      "manufacturing.fab-notes",
      "manufacturing.layer-stackup",
      "release.changelog-present",
      "release.revision-set",
      "release.tag-matches-revision",
      "release.version-format",
    ],
    "failOn": "high",
    "releaseMode": "pilot",
    "reports": {
      "html": "boardreadyops.report.html",
      "json": "boardreadyops.findings.json",
      "markdown": "boardreadyops.report.md",
      "sarif": "boardreadyops.sarif.json",
    },
  },
  "production": {
    "disabledRules": [],
    "enabledRules": [
      "bom.compliance",
      "bom.eol-detection",
      "bom.identity-conflicts",
      "bom.lifecycle",
      "bom.missing-mpn",
      "bom.risk-score",
      "bom.single-source",
      "bom.unknown-lifecycle",
      "design.board-outline",
      "design.unique-references",
      "drc.kicad",
      "erc.kicad",
      "manufacturing.assembly-sides",
      "manufacturing.drill-coverage",
      "manufacturing.fab-notes",
      "manufacturing.fiducials",
      "manufacturing.layer-stackup",
      "manufacturing.package-completeness",
      "manufacturing.pin1-markers",
      "manufacturing.polarity-markers",
      "manufacturing.position-coverage",
      "manufacturing.silkscreen-over-pad",
      "manufacturing.test-points",
      "manufacturing.tooling-holes",
      "release.changelog-present",
      "release.revision-set",
      "release.tag-matches-revision",
      "release.version-format",
    ],
    "failOn": "medium",
    "releaseMode": "production",
    "reports": {
      "html": "boardreadyops.report.html",
      "json": "boardreadyops.findings.json",
      "markdown": "boardreadyops.report.md",
      "sarif": "boardreadyops.sarif.json",
    },
  },
  "prototype": {
    "disabledRules": [
      "bom.single-source",
      "manufacturing.drill-coverage",
      "manufacturing.fab-notes",
      "manufacturing.package-completeness",
      "manufacturing.position-coverage",
      "release.changelog-present",
      "release.tag-matches-revision",
    ],
    "enabledRules": [
      "bom.compliance",
      "bom.eol-detection",
      "bom.lifecycle",
      "bom.missing-mpn",
      "bom.risk-score",
      "bom.unknown-lifecycle",
      "design.board-outline",
      "design.unique-references",
      "drc.kicad",
      "release.revision-set",
    ],
    "failOn": "high",
    "releaseMode": "prototype",
    "reports": {
      "html": "boardreadyops.report.html",
      "json": "boardreadyops.findings.json",
      "markdown": "boardreadyops.report.md",
      "sarif": "boardreadyops.sarif.json",
    },
  },
}
`;
